exports[`test Test that CodeEditor is still the same 1`] = `
<CodeMirror
  className="bordered"
  onChange={[Function]}
  options={
    Object {
      "lineNumbers": true,
      "mode": "javascript",
    }
  }
  preserveScrollPosition={false}
  value={undefined} />
`;
