exports[`test Test that Output is still the same 1`] = `
<div
  className="output bordered">
  <div
    id="console" />
</div>
`;
