exports[`test Test that ButtonGroup is still the same 1`] = `
<div
  className="buttonGroup">
  <button
    className="primary"
    id="run"
    onClick={undefined}>
     Run 
  </button>
</div>
`;
